../Core/Src/main.c:101:6:Light_LED	8	static
../Core/Src/main.c:135:6:Tf_LED	8	static
../Core/Src/main.c:144:6:Menu_Display	32	static
../Core/Src/main.c:161:5:main	8	static
../Core/Src/main.c:255:6:SystemClock_Config	88	static
../Core/Src/main.c:301:13:MX_ADC1_Init	24	static
../Core/Src/main.c:353:13:MX_USART2_UART_Init	8	static
../Core/Src/main.c:386:13:MX_GPIO_Init	40	static
../Core/Src/main.c:438:6:StartDefaultTask	16	static
../Core/Src/main.c:456:6:pickButton	16	static
../Core/Src/main.c:488:6:LED_LVL	16	static
../Core/Src/main.c:512:6:getADC	16	static
../Core/Src/main.c:539:6:dispUART	40	static
../Core/Src/main.c:594:6:HAL_TIM_PeriodElapsedCallback	16	static
../Core/Src/main.c:611:6:Error_Handler	4	static,ignoring_inline_asm
