../Core/Src/main.c:88:6:AccessSharedData	8	static
../Core/Src/main.c:119:5:main	8	static
../Core/Src/main.c:210:6:SystemClock_Config	88	static
../Core/Src/main.c:256:13:MX_TIM2_Init	32	static
../Core/Src/main.c:301:13:MX_GPIO_Init	40	static
../Core/Src/main.c:336:6:StartGreenLEDTask	16	static
../Core/Src/main.c:362:6:StartRedLEDTask	16	static
../Core/Src/main.c:388:6:StartOrangeLEDTask	16	static
../Core/Src/main.c:409:6:HAL_TIM_PeriodElapsedCallback	16	static
../Core/Src/main.c:426:6:Error_Handler	4	static,ignoring_inline_asm
