../Core/Src/main.c:82:6:AccessSharedData	8	static
../Core/Src/main.c:111:5:main	8	static
../Core/Src/main.c:198:6:SystemClock_Config	88	static
../Core/Src/main.c:244:13:MX_TIM2_Init	32	static
../Core/Src/main.c:289:13:MX_GPIO_Init	40	static
../Core/Src/main.c:324:6:StartGreenLEDTask	16	static
../Core/Src/main.c:350:6:StartRedLEDTask	16	static
../Core/Src/main.c:376:6:StartOrangeLEDTask	16	static
../Core/Src/main.c:396:6:HAL_TIM_PeriodElapsedCallback	16	static
../Core/Src/main.c:413:6:Error_Handler	4	static,ignoring_inline_asm
