../Core/Src/main.c:77:10:millis	16	static
../Core/Src/main.c:81:6:Delay_ms	16	static,ignoring_inline_asm
../Core/Src/main.c:91:6:accessData	8	static
../Core/Src/main.c:119:5:main	8	static
../Core/Src/main.c:205:6:SystemClock_Config	88	static
../Core/Src/main.c:251:13:MX_GPIO_Init	40	static
../Core/Src/main.c:297:6:StartDefaultTask	16	static
../Core/Src/main.c:315:6:RelLedFlash	16	static
../Core/Src/main.c:336:6:GreenLedFlash	16	static
../Core/Src/main.c:358:6:HAL_TIM_PeriodElapsedCallback	16	static
../Core/Src/main.c:375:6:Error_Handler	4	static,ignoring_inline_asm
